Archive member included because of file (symbol)

c:/winavr/bin/../lib/gcc/avr/4.3.2/avr5\libgcc.a(_udivmodhi4.o)
                              dbgCmd.o (__udivmodhi4)
c:/winavr/bin/../lib/gcc/avr/4.3.2/avr5\libgcc.a(_exit.o)
                              c:/winavr/bin/../lib/gcc/avr/4.3.2/../../../../avr/lib/avr5/crtm32.o (exit)
c:/winavr/bin/../lib/gcc/avr/4.3.2/avr5\libgcc.a(_copy_data.o)
                              main.o (__do_copy_data)
c:/winavr/bin/../lib/gcc/avr/4.3.2/avr5\libgcc.a(_clear_bss.o)
                              main.o (__do_clear_bss)
c:/winavr/bin/../lib/gcc/avr/4.3.2/avr5\libgcc.a(_fixunssfsi.o)
                              moteur.o (__fixunssfsi)
c:/winavr/bin/../lib/gcc/avr/4.3.2/avr5\libgcc.a(_addsub_sf.o)
                              moteur.o (__subsf3)
c:/winavr/bin/../lib/gcc/avr/4.3.2/avr5\libgcc.a(_mul_sf.o)
                              moteur.o (__mulsf3)
c:/winavr/bin/../lib/gcc/avr/4.3.2/avr5\libgcc.a(_div_sf.o)
                              moteur.o (__divsf3)
c:/winavr/bin/../lib/gcc/avr/4.3.2/avr5\libgcc.a(_gt_sf.o)
                              moteur.o (__gtsf2)
c:/winavr/bin/../lib/gcc/avr/4.3.2/avr5\libgcc.a(_ge_sf.o)
                              moteur.o (__gesf2)
c:/winavr/bin/../lib/gcc/avr/4.3.2/avr5\libgcc.a(_lt_sf.o)
                              moteur.o (__ltsf2)
c:/winavr/bin/../lib/gcc/avr/4.3.2/avr5\libgcc.a(_le_sf.o)
                              moteur.o (__lesf2)
c:/winavr/bin/../lib/gcc/avr/4.3.2/avr5\libgcc.a(_si_to_sf.o)
                              moteur.o (__floatsisf)
c:/winavr/bin/../lib/gcc/avr/4.3.2/avr5\libgcc.a(_sf_to_si.o)
                              c:/winavr/bin/../lib/gcc/avr/4.3.2/avr5\libgcc.a(_fixunssfsi.o) (__fixsfsi)
c:/winavr/bin/../lib/gcc/avr/4.3.2/avr5\libgcc.a(_thenan_sf.o)
                              c:/winavr/bin/../lib/gcc/avr/4.3.2/avr5\libgcc.a(_addsub_sf.o) (__thenan_sf)
c:/winavr/bin/../lib/gcc/avr/4.3.2/avr5\libgcc.a(_usi_to_sf.o)
                              moteur.o (__floatunsisf)
c:/winavr/bin/../lib/gcc/avr/4.3.2/avr5\libgcc.a(_prologue.o)
                              c:/winavr/bin/../lib/gcc/avr/4.3.2/avr5\libgcc.a(_addsub_sf.o) (__prologue_saves__)
c:/winavr/bin/../lib/gcc/avr/4.3.2/avr5\libgcc.a(_epilogue.o)
                              c:/winavr/bin/../lib/gcc/avr/4.3.2/avr5\libgcc.a(_addsub_sf.o) (__epilogue_restores__)
c:/winavr/bin/../lib/gcc/avr/4.3.2/avr5\libgcc.a(_clzsi2.o)
                              c:/winavr/bin/../lib/gcc/avr/4.3.2/avr5\libgcc.a(_si_to_sf.o) (__clzsi2)
c:/winavr/bin/../lib/gcc/avr/4.3.2/avr5\libgcc.a(_pack_sf.o)
                              c:/winavr/bin/../lib/gcc/avr/4.3.2/avr5\libgcc.a(_addsub_sf.o) (__pack_f)
c:/winavr/bin/../lib/gcc/avr/4.3.2/avr5\libgcc.a(_unpack_sf.o)
                              c:/winavr/bin/../lib/gcc/avr/4.3.2/avr5\libgcc.a(_addsub_sf.o) (__unpack_f)
c:/winavr/bin/../lib/gcc/avr/4.3.2/avr5\libgcc.a(_fpcmp_parts_sf.o)
                              c:/winavr/bin/../lib/gcc/avr/4.3.2/avr5\libgcc.a(_gt_sf.o) (__fpcmp_parts_f)
c:/winavr/bin/../lib/gcc/avr/4.3.2/avr5\libgcc.a(_clz.o)
                              c:/winavr/bin/../lib/gcc/avr/4.3.2/avr5\libgcc.a(_clzsi2.o) (__clz_tab)

Allocating common symbols
Common symbol       size              file

uartTxInPtr         0x1               uart.o
uartRxOutPtr        0x1               uart.o
uartRxBuffer        0x3c              uart.o
uartRxSize          0x1               uart.o
uartTxSize          0x1               uart.o
uartRxInPtr         0x1               uart.o
uartTxOutPtr        0x1               uart.o
uartTxBuffer        0x3c              uart.o
mPortDREG           0x1               moteur.o
pwmPortDREG         0x1               pwm.o

Memory Configuration

Name             Origin             Length             Attributes
text             0x00000000         0x00020000         xr
data             0x00800060         0x0000ffa0         rw !x
eeprom           0x00810000         0x00010000         rw !x
fuse             0x00820000         0x00000400         rw !x
lock             0x00830000         0x00000400         rw !x
signature        0x00840000         0x00000400         rw !x
*default*        0x00000000         0xffffffff

Linker script and memory map

LOAD c:/winavr/bin/../lib/gcc/avr/4.3.2/../../../../avr/lib/avr5/crtm32.o
LOAD main.o
LOAD uart.o
LOAD dbgCmd.o
LOAD cmdParser.o
LOAD hardware.o
LOAD pwm.o
LOAD moteur.o
LOAD c:/winavr/bin/../lib/gcc/avr/4.3.2/avr5\libgcc.a
LOAD c:/winavr/bin/../lib/gcc/avr/4.3.2/../../../../avr/lib/avr5\libc.a
LOAD c:/winavr/bin/../lib/gcc/avr/4.3.2/avr5\libgcc.a

.hash
 *(.hash)

.dynsym
 *(.dynsym)

.dynstr
 *(.dynstr)

.gnu.version
 *(.gnu.version)

.gnu.version_d
 *(.gnu.version_d)

.gnu.version_r
 *(.gnu.version_r)

.rel.init
 *(.rel.init)

.rela.init
 *(.rela.init)

.rel.text
 *(.rel.text)
 *(.rel.text.*)
 *(.rel.gnu.linkonce.t*)

.rela.text
 *(.rela.text)
 *(.rela.text.*)
 *(.rela.gnu.linkonce.t*)

.rel.fini
 *(.rel.fini)

.rela.fini
 *(.rela.fini)

.rel.rodata
 *(.rel.rodata)
 *(.rel.rodata.*)
 *(.rel.gnu.linkonce.r*)

.rela.rodata
 *(.rela.rodata)
 *(.rela.rodata.*)
 *(.rela.gnu.linkonce.r*)

.rel.data
 *(.rel.data)
 *(.rel.data.*)
 *(.rel.gnu.linkonce.d*)

.rela.data
 *(.rela.data)
 *(.rela.data.*)
 *(.rela.gnu.linkonce.d*)

.rel.ctors
 *(.rel.ctors)

.rela.ctors
 *(.rela.ctors)

.rel.dtors
 *(.rel.dtors)

.rela.dtors
 *(.rela.dtors)

.rel.got
 *(.rel.got)

.rela.got
 *(.rela.got)

.rel.bss
 *(.rel.bss)

.rela.bss
 *(.rela.bss)

.rel.plt
 *(.rel.plt)

.rela.plt
 *(.rela.plt)

.text           0x00000000     0x2776
 *(.vectors)
 .vectors       0x00000000       0x54 c:/winavr/bin/../lib/gcc/avr/4.3.2/../../../../avr/lib/avr5/crtm32.o
                0x00000000                __vectors
                0x00000000                __vector_default
 *(.vectors)
 *(.progmem.gcc*)
 *(.progmem*)
                0x00000054                . = ALIGN (0x2)
                0x00000054                __trampolines_start = .
 *(.trampolines)
 .trampolines   0x00000054        0x0 linker stubs
 *(.trampolines*)
                0x00000054                __trampolines_end = .
 *(.jumptables)
 *(.jumptables*)
 *(.lowtext)
 *(.lowtext*)
                0x00000054                __ctors_start = .
 *(.ctors)
                0x00000054                __ctors_end = .
                0x00000054                __dtors_start = .
 *(.dtors)
                0x00000054                __dtors_end = .
 SORT(*)(.ctors)
 SORT(*)(.dtors)
 *(.init0)
 .init0         0x00000054        0x0 c:/winavr/bin/../lib/gcc/avr/4.3.2/../../../../avr/lib/avr5/crtm32.o
                0x00000054                __init
 *(.init0)
 *(.init1)
 *(.init1)
 *(.init2)
 .init2         0x00000054        0xc c:/winavr/bin/../lib/gcc/avr/4.3.2/../../../../avr/lib/avr5/crtm32.o
 *(.init2)
 *(.init3)
 *(.init3)
 *(.init4)
 .init4         0x00000060       0x16 c:/winavr/bin/../lib/gcc/avr/4.3.2/avr5\libgcc.a(_copy_data.o)
                0x00000060                __do_copy_data
 .init4         0x00000076       0x10 c:/winavr/bin/../lib/gcc/avr/4.3.2/avr5\libgcc.a(_clear_bss.o)
                0x00000076                __do_clear_bss
 *(.init4)
 *(.init5)
 *(.init5)
 *(.init6)
 *(.init6)
 *(.init7)
 *(.init7)
 *(.init8)
 *(.init8)
 *(.init9)
 .init9         0x00000086        0x8 c:/winavr/bin/../lib/gcc/avr/4.3.2/../../../../avr/lib/avr5/crtm32.o
 *(.init9)
 *(.text)
 .text          0x0000008e        0x4 c:/winavr/bin/../lib/gcc/avr/4.3.2/../../../../avr/lib/avr5/crtm32.o
                0x0000008e                __vector_1
                0x0000008e                __vector_12
                0x0000008e                __bad_interrupt
                0x0000008e                __vector_6
                0x0000008e                __vector_3
                0x0000008e                __vector_11
                0x0000008e                __vector_17
                0x0000008e                __vector_19
                0x0000008e                __vector_7
                0x0000008e                __vector_5
                0x0000008e                __vector_4
                0x0000008e                __vector_2
                0x0000008e                __vector_8
                0x0000008e                __vector_14
                0x0000008e                __vector_10
                0x0000008e                __vector_16
                0x0000008e                __vector_18
                0x0000008e                __vector_20
 .text          0x00000092       0x36 main.o
                0x00000092                main
 .text          0x000000c8      0x2ee uart.o
                0x0000011e                uartTxRoutine
                0x0000023c                uartSendByte
                0x000002ea                uartGetRxSize
                0x000000c8                uartInitBuffers
                0x00000362                __vector_13
                0x00000174                uartRxRoutine
                0x000000ee                uartInit
                0x00000290                uartGetByte
                0x0000030e                __vector_15
                0x000002fc                uartGetTxSize
                0x000001b8                uartSendString
 .text          0x000003b6      0x100 dbgCmd.o
                0x000003b6                dbgSendDbgString
                0x000003ea                dbgSendDbgU16ToDec
                0x00000482                dbgSendRobotString
 .text          0x000004b6      0x116 cmdParser.o
                0x000004b6                cPMainCmdParser
 .text          0x000005cc       0x22 hardware.o
                0x000005cc                hdInit
 .text          0x000005ee       0xf6 pwm.o
                0x000005ee                pwmInit
                0x00000676                __vector_9
                0x00000630                pwmSetDutyValue
 .text          0x000006e4     0x1140 moteur.o
                0x00001504                moteurAsservissement
                0x00001198                moteurControl
                0x000006e4                CalculPWM
 .text          0x00001824        0x0 c:/winavr/bin/../lib/gcc/avr/4.3.2/avr5\libgcc.a(_udivmodhi4.o)
 .text          0x00001824        0x0 c:/winavr/bin/../lib/gcc/avr/4.3.2/avr5\libgcc.a(_exit.o)
 .text          0x00001824        0x0 c:/winavr/bin/../lib/gcc/avr/4.3.2/avr5\libgcc.a(_copy_data.o)
 .text          0x00001824        0x0 c:/winavr/bin/../lib/gcc/avr/4.3.2/avr5\libgcc.a(_clear_bss.o)
 .text          0x00001824       0x58 c:/winavr/bin/../lib/gcc/avr/4.3.2/avr5\libgcc.a(_fixunssfsi.o)
                0x00001824                __fixunssfsi
 .text          0x0000187c      0x354 c:/winavr/bin/../lib/gcc/avr/4.3.2/avr5\libgcc.a(_addsub_sf.o)
                0x00001b14                __subsf3
                0x00001b76                __addsf3
 .text          0x00001bd0      0x1f4 c:/winavr/bin/../lib/gcc/avr/4.3.2/avr5\libgcc.a(_mul_sf.o)
                0x00001bd0                __mulsf3
 .text          0x00001dc4      0x158 c:/winavr/bin/../lib/gcc/avr/4.3.2/avr5\libgcc.a(_div_sf.o)
                0x00001dc4                __divsf3
 .text          0x00001f1c       0x60 c:/winavr/bin/../lib/gcc/avr/4.3.2/avr5\libgcc.a(_gt_sf.o)
                0x00001f1c                __gtsf2
 .text          0x00001f7c       0x60 c:/winavr/bin/../lib/gcc/avr/4.3.2/avr5\libgcc.a(_ge_sf.o)
                0x00001f7c                __gesf2
 .text          0x00001fdc       0x60 c:/winavr/bin/../lib/gcc/avr/4.3.2/avr5\libgcc.a(_lt_sf.o)
                0x00001fdc                __ltsf2
 .text          0x0000203c       0x60 c:/winavr/bin/../lib/gcc/avr/4.3.2/avr5\libgcc.a(_le_sf.o)
                0x0000203c                __lesf2
 .text          0x0000209c       0xbc c:/winavr/bin/../lib/gcc/avr/4.3.2/avr5\libgcc.a(_si_to_sf.o)
                0x0000209c                __floatsisf
 .text          0x00002158       0xa8 c:/winavr/bin/../lib/gcc/avr/4.3.2/avr5\libgcc.a(_sf_to_si.o)
                0x00002158                __fixsfsi
 .text          0x00002200        0x0 c:/winavr/bin/../lib/gcc/avr/4.3.2/avr5\libgcc.a(_thenan_sf.o)
 .text          0x00002200       0xf2 c:/winavr/bin/../lib/gcc/avr/4.3.2/avr5\libgcc.a(_usi_to_sf.o)
                0x00002200                __floatunsisf
 .text          0x000022f2        0x0 c:/winavr/bin/../lib/gcc/avr/4.3.2/avr5\libgcc.a(_prologue.o)
 .text          0x000022f2        0x0 c:/winavr/bin/../lib/gcc/avr/4.3.2/avr5\libgcc.a(_epilogue.o)
 .text          0x000022f2       0x9e c:/winavr/bin/../lib/gcc/avr/4.3.2/avr5\libgcc.a(_clzsi2.o)
                0x000022f2                __clzsi2
 .text          0x00002390      0x1aa c:/winavr/bin/../lib/gcc/avr/4.3.2/avr5\libgcc.a(_pack_sf.o)
                0x00002390                __pack_f
 .text          0x0000253a       0xf0 c:/winavr/bin/../lib/gcc/avr/4.3.2/avr5\libgcc.a(_unpack_sf.o)
                0x0000253a                __unpack_f
 .text          0x0000262a       0xb2 c:/winavr/bin/../lib/gcc/avr/4.3.2/avr5\libgcc.a(_fpcmp_parts_sf.o)
                0x0000262a                __fpcmp_parts_f
 .text          0x000026dc        0x0 c:/winavr/bin/../lib/gcc/avr/4.3.2/avr5\libgcc.a(_clz.o)
                0x000026dc                . = ALIGN (0x2)
 *(.text.*)
 .text.libgcc   0x000026dc       0x28 c:/winavr/bin/../lib/gcc/avr/4.3.2/avr5\libgcc.a(_udivmodhi4.o)
                0x000026dc                __udivmodhi4
 .text.libgcc   0x00002704        0x0 c:/winavr/bin/../lib/gcc/avr/4.3.2/avr5\libgcc.a(_exit.o)
 .text.libgcc   0x00002704        0x0 c:/winavr/bin/../lib/gcc/avr/4.3.2/avr5\libgcc.a(_copy_data.o)
 .text.libgcc   0x00002704        0x0 c:/winavr/bin/../lib/gcc/avr/4.3.2/avr5\libgcc.a(_clear_bss.o)
 .text.libgcc   0x00002704       0x38 c:/winavr/bin/../lib/gcc/avr/4.3.2/avr5\libgcc.a(_prologue.o)
                0x00002704                __prologue_saves__
 .text.libgcc   0x0000273c       0x36 c:/winavr/bin/../lib/gcc/avr/4.3.2/avr5\libgcc.a(_epilogue.o)
                0x0000273c                __epilogue_restores__
                0x00002772                . = ALIGN (0x2)
 *(.fini9)
 .fini9         0x00002772        0x0 c:/winavr/bin/../lib/gcc/avr/4.3.2/avr5\libgcc.a(_exit.o)
                0x00002772                exit
                0x00002772                _exit
 *(.fini9)
 *(.fini8)
 *(.fini8)
 *(.fini7)
 *(.fini7)
 *(.fini6)
 *(.fini6)
 *(.fini5)
 *(.fini5)
 *(.fini4)
 *(.fini4)
 *(.fini3)
 *(.fini3)
 *(.fini2)
 *(.fini2)
 *(.fini1)
 *(.fini1)
 *(.fini0)
 .fini0         0x00002772        0x4 c:/winavr/bin/../lib/gcc/avr/4.3.2/avr5\libgcc.a(_exit.o)
 *(.fini0)
                0x00002776                _etext = .

.data           0x00800060      0x13a load address 0x00002776
                0x00800060                PROVIDE (__data_start, .)
 *(.data)
 .data          0x00800060        0x0 c:/winavr/bin/../lib/gcc/avr/4.3.2/../../../../avr/lib/avr5/crtm32.o
 .data          0x00800060        0x6 main.o
 .data          0x00800066        0x0 uart.o
 .data          0x00800066       0x10 dbgCmd.o
 .data          0x00800076        0x0 cmdParser.o
 .data          0x00800076        0x0 hardware.o
 .data          0x00800076        0x2 pwm.o
                0x00800076                period
 .data          0x00800078       0x1a moteur.o
 .data          0x00800092        0x0 c:/winavr/bin/../lib/gcc/avr/4.3.2/avr5\libgcc.a(_udivmodhi4.o)
 .data          0x00800092        0x0 c:/winavr/bin/../lib/gcc/avr/4.3.2/avr5\libgcc.a(_exit.o)
 .data          0x00800092        0x0 c:/winavr/bin/../lib/gcc/avr/4.3.2/avr5\libgcc.a(_copy_data.o)
 .data          0x00800092        0x0 c:/winavr/bin/../lib/gcc/avr/4.3.2/avr5\libgcc.a(_clear_bss.o)
 .data          0x00800092        0x0 c:/winavr/bin/../lib/gcc/avr/4.3.2/avr5\libgcc.a(_fixunssfsi.o)
 .data          0x00800092        0x0 c:/winavr/bin/../lib/gcc/avr/4.3.2/avr5\libgcc.a(_addsub_sf.o)
 .data          0x00800092        0x0 c:/winavr/bin/../lib/gcc/avr/4.3.2/avr5\libgcc.a(_mul_sf.o)
 .data          0x00800092        0x0 c:/winavr/bin/../lib/gcc/avr/4.3.2/avr5\libgcc.a(_div_sf.o)
 .data          0x00800092        0x0 c:/winavr/bin/../lib/gcc/avr/4.3.2/avr5\libgcc.a(_gt_sf.o)
 .data          0x00800092        0x0 c:/winavr/bin/../lib/gcc/avr/4.3.2/avr5\libgcc.a(_ge_sf.o)
 .data          0x00800092        0x0 c:/winavr/bin/../lib/gcc/avr/4.3.2/avr5\libgcc.a(_lt_sf.o)
 .data          0x00800092        0x0 c:/winavr/bin/../lib/gcc/avr/4.3.2/avr5\libgcc.a(_le_sf.o)
 .data          0x00800092        0x0 c:/winavr/bin/../lib/gcc/avr/4.3.2/avr5\libgcc.a(_si_to_sf.o)
 .data          0x00800092        0x0 c:/winavr/bin/../lib/gcc/avr/4.3.2/avr5\libgcc.a(_sf_to_si.o)
 .data          0x00800092        0x8 c:/winavr/bin/../lib/gcc/avr/4.3.2/avr5\libgcc.a(_thenan_sf.o)
                0x00800092                __thenan_sf
 .data          0x0080009a        0x0 c:/winavr/bin/../lib/gcc/avr/4.3.2/avr5\libgcc.a(_usi_to_sf.o)
 .data          0x0080009a        0x0 c:/winavr/bin/../lib/gcc/avr/4.3.2/avr5\libgcc.a(_prologue.o)
 .data          0x0080009a        0x0 c:/winavr/bin/../lib/gcc/avr/4.3.2/avr5\libgcc.a(_epilogue.o)
 .data          0x0080009a        0x0 c:/winavr/bin/../lib/gcc/avr/4.3.2/avr5\libgcc.a(_clzsi2.o)
 .data          0x0080009a        0x0 c:/winavr/bin/../lib/gcc/avr/4.3.2/avr5\libgcc.a(_pack_sf.o)
 .data          0x0080009a        0x0 c:/winavr/bin/../lib/gcc/avr/4.3.2/avr5\libgcc.a(_unpack_sf.o)
 .data          0x0080009a        0x0 c:/winavr/bin/../lib/gcc/avr/4.3.2/avr5\libgcc.a(_fpcmp_parts_sf.o)
 .data          0x0080009a      0x100 c:/winavr/bin/../lib/gcc/avr/4.3.2/avr5\libgcc.a(_clz.o)
                0x0080009a                __clz_tab
 *(.data*)
 *(.rodata)
 *(.rodata*)
 *(.gnu.linkonce.d*)
                0x0080019a                . = ALIGN (0x2)
                0x0080019a                _edata = .
                0x0080019a                PROVIDE (__data_end, .)

.bss            0x0080019a       0xc6
                0x0080019a                PROVIDE (__bss_start, .)
 *(.bss)
 .bss           0x0080019a        0x0 c:/winavr/bin/../lib/gcc/avr/4.3.2/../../../../avr/lib/avr5/crtm32.o
 .bss           0x0080019a        0x0 main.o
 .bss           0x0080019a        0x0 uart.o
 .bss           0x0080019a        0x0 dbgCmd.o
 .bss           0x0080019a        0x5 cmdParser.o
                0x0080019c                cPVitesseValue
                0x0080019a                cPState
                0x0080019e                data
                0x0080019d                cPAngleValue
                0x0080019b                cPCmdValue
 .bss           0x0080019f        0x0 hardware.o
 .bss           0x0080019f        0x4 pwm.o
                0x008001a1                pwmOCR1B_value
                0x0080019f                pwmOCR1A_value
 .bss           0x008001a3       0x3d moteur.o
                0x008001a3                lastVitesse
                0x008001b0                mVg
                0x008001bc                mDuty_D
                0x008001a8                mVitesse_D
                0x008001b8                mDuty_G
                0x008001a4                lastAngle
                0x008001a5                lastVitG
                0x008001ac                mAngle_D
                0x008001a7                mMode
                0x008001a6                lastVitD
                0x008001b4                mVd
 .bss           0x008001e0        0x0 c:/winavr/bin/../lib/gcc/avr/4.3.2/avr5\libgcc.a(_udivmodhi4.o)
 .bss           0x008001e0        0x0 c:/winavr/bin/../lib/gcc/avr/4.3.2/avr5\libgcc.a(_exit.o)
 .bss           0x008001e0        0x0 c:/winavr/bin/../lib/gcc/avr/4.3.2/avr5\libgcc.a(_copy_data.o)
 .bss           0x008001e0        0x0 c:/winavr/bin/../lib/gcc/avr/4.3.2/avr5\libgcc.a(_clear_bss.o)
 .bss           0x008001e0        0x0 c:/winavr/bin/../lib/gcc/avr/4.3.2/avr5\libgcc.a(_fixunssfsi.o)
 .bss           0x008001e0        0x0 c:/winavr/bin/../lib/gcc/avr/4.3.2/avr5\libgcc.a(_addsub_sf.o)
 .bss           0x008001e0        0x0 c:/winavr/bin/../lib/gcc/avr/4.3.2/avr5\libgcc.a(_mul_sf.o)
 .bss           0x008001e0        0x0 c:/winavr/bin/../lib/gcc/avr/4.3.2/avr5\libgcc.a(_div_sf.o)
 .bss           0x008001e0        0x0 c:/winavr/bin/../lib/gcc/avr/4.3.2/avr5\libgcc.a(_gt_sf.o)
 .bss           0x008001e0        0x0 c:/winavr/bin/../lib/gcc/avr/4.3.2/avr5\libgcc.a(_ge_sf.o)
 .bss           0x008001e0        0x0 c:/winavr/bin/../lib/gcc/avr/4.3.2/avr5\libgcc.a(_lt_sf.o)
 .bss           0x008001e0        0x0 c:/winavr/bin/../lib/gcc/avr/4.3.2/avr5\libgcc.a(_le_sf.o)
 .bss           0x008001e0        0x0 c:/winavr/bin/../lib/gcc/avr/4.3.2/avr5\libgcc.a(_si_to_sf.o)
 .bss           0x008001e0        0x0 c:/winavr/bin/../lib/gcc/avr/4.3.2/avr5\libgcc.a(_sf_to_si.o)
 .bss           0x008001e0        0x0 c:/winavr/bin/../lib/gcc/avr/4.3.2/avr5\libgcc.a(_thenan_sf.o)
 .bss           0x008001e0        0x0 c:/winavr/bin/../lib/gcc/avr/4.3.2/avr5\libgcc.a(_usi_to_sf.o)
 .bss           0x008001e0        0x0 c:/winavr/bin/../lib/gcc/avr/4.3.2/avr5\libgcc.a(_prologue.o)
 .bss           0x008001e0        0x0 c:/winavr/bin/../lib/gcc/avr/4.3.2/avr5\libgcc.a(_epilogue.o)
 .bss           0x008001e0        0x0 c:/winavr/bin/../lib/gcc/avr/4.3.2/avr5\libgcc.a(_clzsi2.o)
 .bss           0x008001e0        0x0 c:/winavr/bin/../lib/gcc/avr/4.3.2/avr5\libgcc.a(_pack_sf.o)
 .bss           0x008001e0        0x0 c:/winavr/bin/../lib/gcc/avr/4.3.2/avr5\libgcc.a(_unpack_sf.o)
 .bss           0x008001e0        0x0 c:/winavr/bin/../lib/gcc/avr/4.3.2/avr5\libgcc.a(_fpcmp_parts_sf.o)
 .bss           0x008001e0        0x0 c:/winavr/bin/../lib/gcc/avr/4.3.2/avr5\libgcc.a(_clz.o)
 *(.bss*)
 *(COMMON)
 COMMON         0x008001e0       0x7e uart.o
                0x008001e0                uartTxInPtr
                0x008001e1                uartRxOutPtr
                0x008001e2                uartRxBuffer
                0x0080021e                uartRxSize
                0x0080021f                uartTxSize
                0x00800220                uartRxInPtr
                0x00800221                uartTxOutPtr
                0x00800222                uartTxBuffer
 COMMON         0x0080025e        0x1 pwm.o
                0x0080025e                pwmPortDREG
 COMMON         0x0080025f        0x1 moteur.o
                0x0080025f                mPortDREG
                0x00800260                PROVIDE (__bss_end, .)
                0x00002776                __data_load_start = LOADADDR (.data)
                0x000028b0                __data_load_end = (__data_load_start + SIZEOF (.data))

.noinit         0x00800260        0x0
                0x00800260                PROVIDE (__noinit_start, .)
 *(.noinit*)
                0x00800260                PROVIDE (__noinit_end, .)
                0x00800260                _end = .
                0x00800260                PROVIDE (__heap_start, .)

.eeprom         0x00810000        0x0
 *(.eeprom*)
                0x00810000                __eeprom_end = .

.fuse
 *(.fuse)
 *(.lfuse)
 *(.hfuse)
 *(.efuse)

.lock
 *(.lock*)

.signature
 *(.signature*)

.stab
 *(.stab)

.stabstr
 *(.stabstr)

.stab.excl
 *(.stab.excl)

.stab.exclstr
 *(.stab.exclstr)

.stab.index
 *(.stab.index)

.stab.indexstr
 *(.stab.indexstr)

.comment
 *(.comment)

.debug
 *(.debug)

.line
 *(.line)

.debug_srcinfo
 *(.debug_srcinfo)

.debug_sfnames
 *(.debug_sfnames)

.debug_aranges  0x00000000       0xe0
 *(.debug_aranges)
 .debug_aranges
                0x00000000       0x20 main.o
 .debug_aranges
                0x00000020       0x20 uart.o
 .debug_aranges
                0x00000040       0x20 dbgCmd.o
 .debug_aranges
                0x00000060       0x20 cmdParser.o
 .debug_aranges
                0x00000080       0x20 hardware.o
 .debug_aranges
                0x000000a0       0x20 pwm.o
 .debug_aranges
                0x000000c0       0x20 moteur.o

.debug_pubnames
                0x00000000      0x3ad
 *(.debug_pubnames)
 .debug_pubnames
                0x00000000       0x1b main.o
 .debug_pubnames
                0x0000001b      0x151 uart.o
 .debug_pubnames
                0x0000016c       0x55 dbgCmd.o
 .debug_pubnames
                0x000001c1       0x6e cmdParser.o
 .debug_pubnames
                0x0000022f       0x1d hardware.o
 .debug_pubnames
                0x0000024c       0x82 pwm.o
 .debug_pubnames
                0x000002ce       0xdf moteur.o

.debug_info     0x00000000      0xb58
 *(.debug_info)
 .debug_info    0x00000000      0x13c main.o
 .debug_info    0x0000013c      0x236 uart.o
 .debug_info    0x00000372      0x102 dbgCmd.o
 .debug_info    0x00000474       0xf7 cmdParser.o
 .debug_info    0x0000056b       0x72 hardware.o
 .debug_info    0x000005dd      0x1cd pwm.o
 .debug_info    0x000007aa      0x3ae moteur.o
 *(.gnu.linkonce.wi.*)

.debug_abbrev   0x00000000      0x4db
 *(.debug_abbrev)
 .debug_abbrev  0x00000000       0xa8 main.o
 .debug_abbrev  0x000000a8       0xe8 uart.o
 .debug_abbrev  0x00000190       0xb6 dbgCmd.o
 .debug_abbrev  0x00000246       0x68 cmdParser.o
 .debug_abbrev  0x000002ae       0x3f hardware.o
 .debug_abbrev  0x000002ed       0xd5 pwm.o
 .debug_abbrev  0x000003c2      0x119 moteur.o

.debug_line     0x00000000      0x9f2
 *(.debug_line)
 .debug_line    0x00000000       0xac main.o
 .debug_line    0x000000ac      0x2c0 uart.o
 .debug_line    0x0000036c       0xf8 dbgCmd.o
 .debug_line    0x00000464      0x10b cmdParser.o
 .debug_line    0x0000056f       0x7a hardware.o
 .debug_line    0x000005e9       0xfb pwm.o
 .debug_line    0x000006e4      0x30e moteur.o

.debug_frame    0x00000000      0x1e0
 *(.debug_frame)
 .debug_frame   0x00000000       0x20 main.o
 .debug_frame   0x00000020       0xc0 uart.o
 .debug_frame   0x000000e0       0x40 dbgCmd.o
 .debug_frame   0x00000120       0x20 cmdParser.o
 .debug_frame   0x00000140       0x20 hardware.o
 .debug_frame   0x00000160       0x40 pwm.o
 .debug_frame   0x000001a0       0x40 moteur.o

.debug_str      0x00000000      0x40b
 *(.debug_str)
 .debug_str     0x00000000       0x96 main.o
                                 0xca (size before relaxing)
 .debug_str     0x00000096      0x10f uart.o
                                0x1b3 (size before relaxing)
 .debug_str     0x000001a5       0x4a dbgCmd.o
                                 0xef (size before relaxing)
 .debug_str     0x000001ef       0xae cmdParser.o
                                0x14d (size before relaxing)
 .debug_str     0x0000029d       0x15 hardware.o
                                 0xb4 (size before relaxing)
 .debug_str     0x000002b2       0x75 pwm.o
                                0x127 (size before relaxing)
 .debug_str     0x00000327       0xe4 moteur.o
                                0x1c6 (size before relaxing)

.debug_loc
 *(.debug_loc)

.debug_macinfo
 *(.debug_macinfo)
OUTPUT(Robot.elf elf32-avr)
LOAD linker stubs
